// Jest Snapshot v1, https://goo.gl/fbAQLP

exports[`calcFromIndex should throw when target not undefined 1`] = `"Cannot call method on undefined"`;

exports[`calcFromIndex should throw when target not undefined 2`] = `"Cannot call method on undefined"`;

exports[`calcFromIndex should throw when target not undefined 3`] = `"Cannot call method on null"`;
